// Jest Snapshot v1, https://goo.gl/fbAQLP

exports[`renders Title component 1`] = `
<h1
  class="title"
>
  React Developer in London Â£90K
</h1>
`;
