// Jest Snapshot v1, https://goo.gl/fbAQLP

exports[`renders start text 1`] = `
<div
  class="app"
>
  Start building your app here
</div>
`;
