// Jest Snapshot v1, https://goo.gl/fbAQLP

exports[`renders Details component 1`] = `
<div>
  London
</div>
`;
