// Jest Snapshot v1, https://goo.gl/fbAQLP

exports[`renders start text 1`] = `
<h1>
  React Developer
</h1>
`;
